[{"stream_name":"stdout","time":7.584510374,"data":"$ /usr/bin/python3 -m pip install -q fastapi uvicorn[standard] httpx pyyaml prometheus-client opentelemetry-sdk opentelemetry-instrumentation-fastapi opentelemetry-instrumentation-httpx opentelemetry-exporter-otlp-proto-http onnxruntime-gpu pillow numpy\n"}
,{"stream_name":"stdout","time":14.87400599,"data":"   ━━━━━━━━━━━━━━━━━━━━━━━━━━━━━━━━━━━━━━━━ 71.8/71.8 kB 2.8 MB/s eta 0:00:00\n"}
,{"stream_name":"stdout","time":17.147732856,"data":"   ━━━━━━━━━━━━━━━━━━━━━━━━━━━━━━━━━━━━━━━━ 246.7/246.7 MB 8.1 MB/s eta 0:00:00\n"}
,{"stream_name":"stdout","time":22.296929477,"data":"  -\u003e exit 0 in 15 s\n"}
,{"stream_name":"stdout","time":22.296976958,"data":"$ bash -c curl -Ls https://micro.mamba.pm/api/micromamba/linux-64/latest | tar -xj -C /tmp bin/micromamba \u0026\u0026 /tmp/bin/micromamba create -y -q -r /tmp/mm -p /tmp/conda312 -c conda-forge python=3.12\n"}
,{"stream_name":"stdout","time":33.129080104,"data":"  -\u003e exit 0 in 11 s\n"}
,{"stream_name":"stdout","time":33.129109952,"data":"$ /tmp/conda312/bin/python -m pip install -q nvidia-pytriton onnxruntime-gpu numpy pillow\n"}
,{"stream_name":"stdout","time":81.230387807,"data":"  -\u003e exit 0 in 48 s\n"}
,{"stream_name":"stdout","time":82.367571246,"data":"{'gpu': 'Tesla T4, 580.178.04\\nTesla T4, 580.178.04', 'python_serving': '3.13.15', 'python_triton': '3.12.15', 'pytriton': '0.7.0', 'onnxruntime_gpu': '1.30.0', 'cpus': 4}\n"}
,{"stream_name":"stdout","time":82.367600096,"data":"$ /usr/bin/python3 loadtest/triton_experiment.py --replay-dir data/replay --python /usr/bin/python3 --python-triton /tmp/conda312/bin/python --out results/triton_load.json\n"}
,{"stream_name":"stderr","time":89.843802333,"data":"Traceback (most recent call last):\n"}
,{"stream_name":"stderr","time":89.844007308,"data":"  File \"/kaggle/working/proj/loadtest/loadgen.py\", line 33, in \u003cmodule\u003e\n"}
,{"stream_name":"stderr","time":89.844014281,"data":"    from dataset import split  # noqa: E402\n"}
,{"stream_name":"stderr","time":89.844018533,"data":"    ^^^^^^^^^^^^^^^^^^^^^^^^^\n"}
,{"stream_name":"stderr","time":89.844030442,"data":"ModuleNotFoundError: No module named 'dataset'\n"}
,{"stream_name":"stdout","time":89.906534476,"data":"fastapi_gpu FAILED Command '['/usr/bin/python3', 'loadtest/loadgen.py', '--url', 'http://127.0.0.1:8080', '--profile', '5:8', '--out', 'results/raw/triton_fastapi_gpu_warm', '--sla-ms', '300', '--warmup-s', '5', '--timeout', '30', '--images', '500', '--replay-dir', 'data/replay']' returned non-zero exit status 1.\n"}
,{"stream_name":"stderr","time":96.585306203,"data":"Traceback (most recent call last):\n"}
,{"stream_name":"stderr","time":96.585588131,"data":"  File \"/kaggle/working/proj/loadtest/loadgen.py\", line 33, in \u003cmodule\u003e\n"}
,{"stream_name":"stderr","time":96.585609785,"data":"    from dataset import split  # noqa: E402\n"}
,{"stream_name":"stderr","time":96.58561467,"data":"    ^^^^^^^^^^^^^^^^^^^^^^^^^\n"}
,{"stream_name":"stderr","time":96.585618868,"data":"ModuleNotFoundError: No module named 'dataset'\n"}
,{"stream_name":"stdout","time":96.631882215,"data":"fastapi_cpu FAILED Command '['/usr/bin/python3', 'loadtest/loadgen.py', '--url', 'http://127.0.0.1:8080', '--profile', '5:8', '--out', 'results/raw/triton_fastapi_cpu_warm', '--sla-ms', '300', '--warmup-s', '5', '--timeout', '30', '--images', '500', '--replay-dir', 'data/replay']' returned non-zero exit status 1.\n"}
,{"stream_name":"stderr","time":107.314267114,"data":"Traceback (most recent call last):\n"}
,{"stream_name":"stderr","time":107.316552444,"data":"  File \"/kaggle/working/proj/loadtest/loadgen.py\", line 33, in \u003cmodule\u003e\n"}
,{"stream_name":"stderr","time":107.31657974,"data":"    from dataset import split  # noqa: E402\n"}
,{"stream_name":"stderr","time":107.316583832,"data":"    ^^^^^^^^^^^^^^^^^^^^^^^^^\n"}
,{"stream_name":"stderr","time":107.316587173,"data":"ModuleNotFoundError: No module named 'dataset'\n"}
,{"stream_name":"stdout","time":107.360960128,"data":"triton_nobatch FAILED Command '['/usr/bin/python3', 'loadtest/loadgen.py', '--url', 'http://127.0.0.1:8080', '--profile', '5:8', '--out', 'results/raw/triton_triton_nobatch_warm', '--sla-ms', '300', '--warmup-s', '5', '--timeout', '30', '--images', '500', '--replay-dir', 'data/replay']' returned non-zero exit status 1.\n"}
,{"stream_name":"stderr","time":116.93813705,"data":"Traceback (most recent call last):\n"}
,{"stream_name":"stderr","time":116.938428544,"data":"  File \"/kaggle/working/proj/loadtest/loadgen.py\", line 33, in \u003cmodule\u003e\n"}
,{"stream_name":"stderr","time":116.938481535,"data":"    from dataset import split  # noqa: E402\n"}
,{"stream_name":"stderr","time":116.938486939,"data":"    ^^^^^^^^^^^^^^^^^^^^^^^^^\n"}
,{"stream_name":"stderr","time":116.938492537,"data":"ModuleNotFoundError: No module named 'dataset'\n"}
,{"stream_name":"stdout","time":116.986010962,"data":"triton_batch FAILED Command '['/usr/bin/python3', 'loadtest/loadgen.py', '--url', 'http://127.0.0.1:8080', '--profile', '5:8', '--out', 'results/raw/triton_triton_batch_warm', '--sla-ms', '300', '--warmup-s', '5', '--timeout', '30', '--images', '500', '--replay-dir', 'data/replay']' returned non-zero exit status 1.\n"}
,{"stream_name":"stdout","time":120.380136095,"data":"wrote results/triton_load.json\n"}
,{"stream_name":"stdout","time":120.4066102,"data":"  -\u003e exit 0 in 38 s\n"}
,{"stream_name":"stdout","time":120.407314976,"data":"{\n"}
,{"stream_name":"stdout","time":120.407332943,"data":"  \"sla_ms\": 300,\n"}
,{"stream_name":"stdout","time":120.407338827,"data":"  \"model\": \"resnet50_v2_int8\",\n"}
,{"stream_name":"stdout","time":120.407344632,"data":"  \"arms\": {\n"}
,{"stream_name":"stdout","time":120.407349298,"data":"    \"fastapi_gpu\": {\n"}
,{"stream_name":"stdout","time":120.407353797,"data":"      \"error\": \"CalledProcessError: Command '['/usr/bin/python3', 'loadtest/loadgen.py', '--url', 'http://127.0.0.1:8080', '--profile', '5:8', '--out', 'results/raw/triton_fastapi_gpu_warm', '--sla-ms', '300', '--warmup-s', '5', '--timeout', '30', '--images', '500', '--replay-dir', 'data/replay']' returned non-zero exit status 1.\"\n"}
,{"stream_name":"stdout","time":120.407359647,"data":"    },\n"}
,{"stream_name":"stdout","time":120.407365532,"data":"    \"fastapi_cpu\": {\n"}
,{"stream_name":"stdout","time":120.40740088,"data":"      \"error\": \"CalledProcessError: Command '['/usr/bin/python3', 'loadtest/loadgen.py', '--url', 'http://127.0.0.1:8080', '--profile', '5:8', '--out', 'results/raw/triton_fastapi_cpu_warm', '--sla-ms', '300', '--warmup-s', '5', '--timeout', '30', '--images', '500', '--replay-dir', 'data/replay']' returned non-zero exit status 1.\"\n"}
,{"stream_name":"stdout","time":120.407407539,"data":"    },\n"}
,{"stream_name":"stdout","time":120.407411706,"data":"    \"triton_nobatch\": {\n"}
,{"stream_name":"stdout","time":120.407416089,"data":"      \"error\": \"CalledProcessError: Command '['/usr/bin/python3', 'loadtest/loadgen.py', '--url', 'http://127.0.0.1:8080', '--profile', '5:8', '--out', 'results/raw/triton_triton_nobatch_warm', '--sla-ms', '300', '--warmup-s', '5', '--timeout', '30', '--images', '500', '--replay-dir', 'data/replay']' returned non-zero exit status 1.\"\n"}
,{"stream_name":"stdout","time":120.407421347,"data":"    },\n"}
,{"stream_name":"stdout","time":120.407425406,"data":"    \"triton_batch\": {\n"}
,{"stream_name":"stdout","time":120.407443392,"data":"      \"error\": \"CalledProcessError: Command '['/usr/bin/python3', 'loadtest/loadgen.py', '--url', 'http://127.0.0.1:8080', '--profile', '5:8', '--out', 'results/raw/triton_triton_batch_warm', '--sla-ms', '300', '--warmup-s', '5', '--timeout', '30', '--images', '500', '--replay-dir', 'data/replay']' returned non-zero exit status 1.\"\n"}
,{"stream_name":"stdout","time":120.407446537,"data":"    }\n"}
,{"stream_name":"stdout","time":120.407448714,"data":"  },\n"}
,{"stream_name":"stdout","time":120.407450879,"data":"  \"rates_swept\": [\n"}
,{"stream_name":"stdout","time":120.407453052,"data":"    10.0,\n"}
,{"stream_name":"stdout","time":120.407455251,"data":"    20.0,\n"}
,{"stream_name":"stdout","time":120.407457735,"data":"    40.0,\n"}
,{"stream_name":"stdout","time":120.407459921,"data":"    60.0,\n"}
,{"stream_name":"stdout","time":120.407461969,"data":"    80.0,\n"}
,{"stream_name":"stdout","time":120.407464029,"data":"    120.0,\n"}
,{"stream_name":"stdout","time":120.407466134,"data":"    160.0,\n"}
,{"stream_name":"stdout","time":120.407468389,"data":"    240.0,\n"}
,{"stream_name":"stdout","time":120.407470539,"data":"    320.0\n"}
,{"stream_name":"stdout","time":120.407472663,"data":"  ],\n"}
,{"stream_name":"stdout","time":120.407474891,"data":"  \"point_s\": 30,\n"}
,{"stream_name":"stdout","time":120.40747709,"data":"  \"run_s\": 60,\n"}
,{"stream_name":"stdout","time":120.407479276,"data":"  \"triton\": {\n"}
,{"stream_name":"stdout","time":120.407481411,"data":"    \"max_batch\": 32,\n"}
,{"stream_name":"stdout","time":120.407483772,"data":"    \"queue_delay_us\": 5000\n"}
,{"stream_name":"stdout","time":120.407485949,"data":"  },\n"}
,{"stream_name":"stdout","time":120.407487997,"data":"  \"env\": {\n"}
,{"stream_name":"stdout","time":120.407490179,"data":"    \"gpu\": \"Tesla T4, 580.178.04\\nTesla T4, 580.178.04\",\n"}
,{"stream_name":"stdout","time":120.407492621,"data":"    \"cpus\": 4,\n"}
,{"stream_name":"stdout","time":120.407494803,"data":"    \"python_serving\": \"3.13.15\",\n"}
,{"stream_name":"stdout","time":120.407497246,"data":"    \"python_triton\": \"3.12.15\",\n"}
,{"stream_name":"stdout","time":120.407499482,"data":"    \"pytriton\": \"0.7.0\",\n"}
,{"stream_name":"stdout","time":120.407501684,"data":"    \"onnxruntime_gpu\": \"1.30.0\"\n"}
,{"stream_name":"stdout","time":120.407503912,"data":"  },\n"}
,{"stream_name":"stdout","time":120.407506041,"data":"  \"reference_rps\": null,\n"}
,{"stream_name":"stdout","time":120.407508944,"data":"  \"note\": \"One GPU box, every process on the same machine (load generator included); fastapi_cpu is the tier as shipped (CPU). The Triton arms use Triton's Python backend calling ONNX Runtime CUDA, not the native onnxruntime backend, because the free GPU host has no Docker for the Triton container.\"\n"}
,{"stream_name":"stdout","time":120.407511657,"data":"}\n"}
,{"stream_name":"stderr","time":122.73187429,"data":"/usr/local/lib/python3.13/dist-packages/mistune.py:435: SyntaxWarning: invalid escape sequence '\\|'\n"}
,{"stream_name":"stderr","time":122.731904351,"data":"  cells[i][c] = re.sub('\\\\\\\\\\|', '|', cell)\n"}
,{"stream_name":"stderr","time":123.032068331,"data":"/usr/local/lib/python3.13/dist-packages/nbconvert/filters/filter_links.py:36: SyntaxWarning: invalid escape sequence '\\_'\n"}
,{"stream_name":"stderr","time":123.032091584,"data":"  text = re.sub(r'_', '\\_', text) # Escape underscores in display text\n"}
,{"stream_name":"stderr","time":123.857837832,"data":"[NbConvertApp] Converting notebook __script__.ipynb to html\n"}
,{"stream_name":"stderr","time":124.994028498,"data":"[NbConvertApp] Writing 291858 bytes to __results__.html\n"}
]